[debug] [2026-06-28T20:55:52.367Z] [Firebase Plugin] Activating Firebase extension.
[debug] [2026-06-28T20:56:13.483Z] [Firebase Plugin] requireAuthWrapper
[debug] [2026-06-28T20:56:13.501Z] > command requires scopes: ["email","openid","https://www.googleapis.com/auth/cloudplatformprojects.readonly","https://www.googleapis.com/auth/firebase","https://www.googleapis.com/auth/cloud-platform"]
[debug] [2026-06-28T20:56:13.712Z] [Firebase Plugin] VSCode notification server listening on port 40001
[error] [Firebase Plugin] requireAuth error: Could not load the default credentials. Browse to https://cloud.google.com/docs/authentication/getting-started for more information.
[info] [Firebase Plugin] Starting SQL Connect toolkit (version 3.4.11) on port 50001
[debug] [2026-06-28T20:56:20.521Z] 'fdc build' failed with error: Unable to build your SQL Connect schema and connectors (exit code 1): E0628 15:56:20.349745   30360 cmd.go:43] Error loading data connect config: could not find dataconnect.yaml in `c:\Users\USER\Desktop\Proyectos\bolitos\backend\dataconnect`
 {"metadata":{"emulator":{"name":"dataconnect"},"message":"'fdc build' failed with error: Unable to build your SQL Connect schema and connectors (exit code 1): E0628 15:56:20.349745   30360 cmd.go:43] Error loading data connect config: could not find dataconnect.yaml in `c:\\Users\\USER\\Desktop\\Proyectos\\bolitos\\backend\\dataconnect`\n"}}
[debug] [2026-06-28T20:56:20.528Z] Ignoring unsupported arg: auto_download {"metadata":{"emulator":{"name":"dataconnect"},"message":"Ignoring unsupported arg: auto_download"}}
[debug] [2026-06-28T20:56:20.531Z] Ignoring unsupported arg: port {"metadata":{"emulator":{"name":"dataconnect"},"message":"Ignoring unsupported arg: port"}}
[debug] [2026-06-28T20:56:20.537Z] Starting SQL Connect Emulator with command {"binary":"C:\\Users\\USER\\.cache\\firebase\\emulators\\dataconnect-emulator-3.4.11.exe","args":["--logtostderr","-v=2","dev","--listen=localhost:50001","--config_dir=c:\\Users\\USER\\Desktop\\Proyectos\\bolitos\\backend\\dataconnect","--enable_output_schema_extensions=true","--enable_output_generated_sdk=true"],"optionalArgs":["listen","config_dir","enable_output_schema_extensions","enable_output_generated_sdk"],"joinArgs":true,"shell":false,"port":9399} {"metadata":{"emulator":{"name":"dataconnect"},"message":"Starting SQL Connect Emulator with command {\"binary\":\"C:\\\\Users\\\\USER\\\\.cache\\\\firebase\\\\emulators\\\\dataconnect-emulator-3.4.11.exe\",\"args\":[\"--logtostderr\",\"-v=2\",\"dev\",\"--listen=localhost:50001\",\"--config_dir=c:\\\\Users\\\\USER\\\\Desktop\\\\Proyectos\\\\bolitos\\\\backend\\\\dataconnect\",\"--enable_output_schema_extensions=true\",\"--enable_output_generated_sdk=true\"],\"optionalArgs\":[\"listen\",\"config_dir\",\"enable_output_schema_extensions\",\"enable_output_generated_sdk\"],\"joinArgs\":true,\"shell\":false,\"port\":9399}"}}
[info] i  dataconnect: SQL Connect Emulator logging to dataconnect-debug.log {"metadata":{"emulator":{"name":"dataconnect"},"message":"SQL Connect Emulator logging to \u001b[1mdataconnect-debug.log\u001b[22m"}}
[debug] [2026-06-28T20:56:23.925Z] E0628 15:56:20.784043   12452 dev.go:83] Failed to load initial config from "c:\\Users\\USER\\Desktop\\Proyectos\\bolitos\\backend\\dataconnect": could not find dataconnect.yaml in `c:\Users\USER\Desktop\Proyectos\bolitos\backend\dataconnect`
E0628 15:56:21.063728   12452 watch.go:116] watchAllDir unable to walk dir `c:\Users\USER\Desktop\Proyectos\bolitos\backend\dataconnect`: GetFileAttributesEx c:\Users\USER\Desktop\Proyectos\bolitos\backend\dataconnect: The system cannot find the file specified.
I0628 15:56:21.117288   12452 dev.go:104] Listening on address (HTTP + gRPC): 127.0.0.1:50001
 {"metadata":{"emulator":{"name":"dataconnect"},"message":"E0628 15:56:20.784043   12452 dev.go:83] Failed to load initial config from \"c:\\\\Users\\\\USER\\\\Desktop\\\\Proyectos\\\\bolitos\\\\backend\\\\dataconnect\": could not find dataconnect.yaml in `c:\\Users\\USER\\Desktop\\Proyectos\\bolitos\\backend\\dataconnect`\nE0628 15:56:21.063728   12452 watch.go:116] watchAllDir unable to walk dir `c:\\Users\\USER\\Desktop\\Proyectos\\bolitos\\backend\\dataconnect`: GetFileAttributesEx c:\\Users\\USER\\Desktop\\Proyectos\\bolitos\\backend\\dataconnect: The system cannot find the file specified.\nI0628 15:56:21.117288   12452 dev.go:104] Listening on address (HTTP + gRPC): 127.0.0.1:50001\n"}}
[debug] [2026-06-28T20:56:31.067Z] E0628 15:56:31.067027   12452 watch.go:40] Failed to load config from "c:\\Users\\USER\\Desktop\\Proyectos\\bolitos\\backend\\dataconnect": could not find dataconnect.yaml in `c:\Users\USER\Desktop\Proyectos\bolitos\backend\dataconnect`
 {"metadata":{"emulator":{"name":"dataconnect"},"message":"E0628 15:56:31.067027   12452 watch.go:40] Failed to load config from \"c:\\\\Users\\\\USER\\\\Desktop\\\\Proyectos\\\\bolitos\\\\backend\\\\dataconnect\": could not find dataconnect.yaml in `c:\\Users\\USER\\Desktop\\Proyectos\\bolitos\\backend\\dataconnect`\n"}}
[debug] [2026-06-28T20:56:41.067Z] E0628 15:56:41.066538   12452 watch.go:40] Failed to load config from "c:\\Users\\USER\\Desktop\\Proyectos\\bolitos\\backend\\dataconnect": could not find dataconnect.yaml in `c:\Users\USER\Desktop\Proyectos\bolitos\backend\dataconnect`
 {"metadata":{"emulator":{"name":"dataconnect"},"message":"E0628 15:56:41.066538   12452 watch.go:40] Failed to load config from \"c:\\\\Users\\\\USER\\\\Desktop\\\\Proyectos\\\\bolitos\\\\backend\\\\dataconnect\": could not find dataconnect.yaml in `c:\\Users\\USER\\Desktop\\Proyectos\\bolitos\\backend\\dataconnect`\n"}}
[debug] [2026-06-28T20:56:51.067Z] E0628 15:56:51.066575   12452 watch.go:40] Failed to load config from "c:\\Users\\USER\\Desktop\\Proyectos\\bolitos\\backend\\dataconnect": could not find dataconnect.yaml in `c:\Users\USER\Desktop\Proyectos\bolitos\backend\dataconnect`
 {"metadata":{"emulator":{"name":"dataconnect"},"message":"E0628 15:56:51.066575   12452 watch.go:40] Failed to load config from \"c:\\\\Users\\\\USER\\\\Desktop\\\\Proyectos\\\\bolitos\\\\backend\\\\dataconnect\": could not find dataconnect.yaml in `c:\\Users\\USER\\Desktop\\Proyectos\\bolitos\\backend\\dataconnect`\n"}}
[debug] [2026-06-28T20:57:01.067Z] E0628 15:57:01.066183   12452 watch.go:40] Failed to load config from "c:\\Users\\USER\\Desktop\\Proyectos\\bolitos\\backend\\dataconnect": could not find dataconnect.yaml in `c:\Users\USER\Desktop\Proyectos\bolitos\backend\dataconnect`
 {"metadata":{"emulator":{"name":"dataconnect"},"message":"E0628 15:57:01.066183   12452 watch.go:40] Failed to load config from \"c:\\\\Users\\\\USER\\\\Desktop\\\\Proyectos\\\\bolitos\\\\backend\\\\dataconnect\": could not find dataconnect.yaml in `c:\\Users\\USER\\Desktop\\Proyectos\\bolitos\\backend\\dataconnect`\n"}}
[debug] [2026-06-28T20:57:11.067Z] E0628 15:57:11.066391   12452 watch.go:40] Failed to load config from "c:\\Users\\USER\\Desktop\\Proyectos\\bolitos\\backend\\dataconnect": could not find dataconnect.yaml in `c:\Users\USER\Desktop\Proyectos\bolitos\backend\dataconnect`
 {"metadata":{"emulator":{"name":"dataconnect"},"message":"E0628 15:57:11.066391   12452 watch.go:40] Failed to load config from \"c:\\\\Users\\\\USER\\\\Desktop\\\\Proyectos\\\\bolitos\\\\backend\\\\dataconnect\": could not find dataconnect.yaml in `c:\\Users\\USER\\Desktop\\Proyectos\\bolitos\\backend\\dataconnect`\n"}}
[debug] [2026-06-28T20:57:21.066Z] E0628 15:57:21.065782   12452 watch.go:116] watchAllDir unable to walk dir `c:\Users\USER\Desktop\Proyectos\bolitos\backend\dataconnect`: GetFileAttributesEx c:\Users\USER\Desktop\Proyectos\bolitos\backend\dataconnect: The system cannot find the file specified.
 {"metadata":{"emulator":{"name":"dataconnect"},"message":"E0628 15:57:21.065782   12452 watch.go:116] watchAllDir unable to walk dir `c:\\Users\\USER\\Desktop\\Proyectos\\bolitos\\backend\\dataconnect`: GetFileAttributesEx c:\\Users\\USER\\Desktop\\Proyectos\\bolitos\\backend\\dataconnect: The system cannot find the file specified.\n"}}
[debug] [2026-06-28T20:57:21.069Z] E0628 15:57:21.066504   12452 watch.go:40] Failed to load config from "c:\\Users\\USER\\Desktop\\Proyectos\\bolitos\\backend\\dataconnect": could not find dataconnect.yaml in `c:\Users\USER\Desktop\Proyectos\bolitos\backend\dataconnect`
 {"metadata":{"emulator":{"name":"dataconnect"},"message":"E0628 15:57:21.066504   12452 watch.go:40] Failed to load config from \"c:\\\\Users\\\\USER\\\\Desktop\\\\Proyectos\\\\bolitos\\\\backend\\\\dataconnect\": could not find dataconnect.yaml in `c:\\Users\\USER\\Desktop\\Proyectos\\bolitos\\backend\\dataconnect`\n"}}
[debug] [2026-06-28T20:57:31.067Z] E0628 15:57:31.066592   12452 watch.go:40] Failed to load config from "c:\\Users\\USER\\Desktop\\Proyectos\\bolitos\\backend\\dataconnect": could not find dataconnect.yaml in `c:\Users\USER\Desktop\Proyectos\bolitos\backend\dataconnect`
 {"metadata":{"emulator":{"name":"dataconnect"},"message":"E0628 15:57:31.066592   12452 watch.go:40] Failed to load config from \"c:\\\\Users\\\\USER\\\\Desktop\\\\Proyectos\\\\bolitos\\\\backend\\\\dataconnect\": could not find dataconnect.yaml in `c:\\Users\\USER\\Desktop\\Proyectos\\bolitos\\backend\\dataconnect`\n"}}
[debug] [2026-06-28T20:57:41.066Z] E0628 15:57:41.065864   12452 watch.go:40] Failed to load config from "c:\\Users\\USER\\Desktop\\Proyectos\\bolitos\\backend\\dataconnect": could not find dataconnect.yaml in `c:\Users\USER\Desktop\Proyectos\bolitos\backend\dataconnect`
 {"metadata":{"emulator":{"name":"dataconnect"},"message":"E0628 15:57:41.065864   12452 watch.go:40] Failed to load config from \"c:\\\\Users\\\\USER\\\\Desktop\\\\Proyectos\\\\bolitos\\\\backend\\\\dataconnect\": could not find dataconnect.yaml in `c:\\Users\\USER\\Desktop\\Proyectos\\bolitos\\backend\\dataconnect`\n"}}
[debug] [2026-06-28T20:57:51.067Z] E0628 15:57:51.066076   12452 watch.go:40] Failed to load config from "c:\\Users\\USER\\Desktop\\Proyectos\\bolitos\\backend\\dataconnect": could not find dataconnect.yaml in `c:\Users\USER\Desktop\Proyectos\bolitos\backend\dataconnect`
 {"metadata":{"emulator":{"name":"dataconnect"},"message":"E0628 15:57:51.066076   12452 watch.go:40] Failed to load config from \"c:\\\\Users\\\\USER\\\\Desktop\\\\Proyectos\\\\bolitos\\\\backend\\\\dataconnect\": could not find dataconnect.yaml in `c:\\Users\\USER\\Desktop\\Proyectos\\bolitos\\backend\\dataconnect`\n"}}
[debug] [2026-06-28T20:58:01.067Z] E0628 15:58:01.066594   12452 watch.go:40] Failed to load config from "c:\\Users\\USER\\Desktop\\Proyectos\\bolitos\\backend\\dataconnect": could not find dataconnect.yaml in `c:\Users\USER\Desktop\Proyectos\bolitos\backend\dataconnect`
 {"metadata":{"emulator":{"name":"dataconnect"},"message":"E0628 15:58:01.066594   12452 watch.go:40] Failed to load config from \"c:\\\\Users\\\\USER\\\\Desktop\\\\Proyectos\\\\bolitos\\\\backend\\\\dataconnect\": could not find dataconnect.yaml in `c:\\Users\\USER\\Desktop\\Proyectos\\bolitos\\backend\\dataconnect`\n"}}
[debug] [2026-06-28T20:58:11.066Z] E0628 15:58:11.065984   12452 watch.go:40] Failed to load config from "c:\\Users\\USER\\Desktop\\Proyectos\\bolitos\\backend\\dataconnect": could not find dataconnect.yaml in `c:\Users\USER\Desktop\Proyectos\bolitos\backend\dataconnect`
 {"metadata":{"emulator":{"name":"dataconnect"},"message":"E0628 15:58:11.065984   12452 watch.go:40] Failed to load config from \"c:\\\\Users\\\\USER\\\\Desktop\\\\Proyectos\\\\bolitos\\\\backend\\\\dataconnect\": could not find dataconnect.yaml in `c:\\Users\\USER\\Desktop\\Proyectos\\bolitos\\backend\\dataconnect`\n"}}
[debug] [2026-06-28T20:58:21.067Z] E0628 15:58:21.066622   12452 watch.go:116] watchAllDir unable to walk dir `c:\Users\USER\Desktop\Proyectos\bolitos\backend\dataconnect`: GetFileAttributesEx c:\Users\USER\Desktop\Proyectos\bolitos\backend\dataconnect: The system cannot find the file specified.
 {"metadata":{"emulator":{"name":"dataconnect"},"message":"E0628 15:58:21.066622   12452 watch.go:116] watchAllDir unable to walk dir `c:\\Users\\USER\\Desktop\\Proyectos\\bolitos\\backend\\dataconnect`: GetFileAttributesEx c:\\Users\\USER\\Desktop\\Proyectos\\bolitos\\backend\\dataconnect: The system cannot find the file specified.\n"}}
[debug] [2026-06-28T20:58:21.074Z] E0628 15:58:21.067892   12452 watch.go:40] Failed to load config from "c:\\Users\\USER\\Desktop\\Proyectos\\bolitos\\backend\\dataconnect": could not find dataconnect.yaml in `c:\Users\USER\Desktop\Proyectos\bolitos\backend\dataconnect`
 {"metadata":{"emulator":{"name":"dataconnect"},"message":"E0628 15:58:21.067892   12452 watch.go:40] Failed to load config from \"c:\\\\Users\\\\USER\\\\Desktop\\\\Proyectos\\\\bolitos\\\\backend\\\\dataconnect\": could not find dataconnect.yaml in `c:\\Users\\USER\\Desktop\\Proyectos\\bolitos\\backend\\dataconnect`\n"}}
[debug] [2026-06-28T20:58:31.066Z] E0628 15:58:31.065926   12452 watch.go:40] Failed to load config from "c:\\Users\\USER\\Desktop\\Proyectos\\bolitos\\backend\\dataconnect": could not find dataconnect.yaml in `c:\Users\USER\Desktop\Proyectos\bolitos\backend\dataconnect`
 {"metadata":{"emulator":{"name":"dataconnect"},"message":"E0628 15:58:31.065926   12452 watch.go:40] Failed to load config from \"c:\\\\Users\\\\USER\\\\Desktop\\\\Proyectos\\\\bolitos\\\\backend\\\\dataconnect\": could not find dataconnect.yaml in `c:\\Users\\USER\\Desktop\\Proyectos\\bolitos\\backend\\dataconnect`\n"}}
[debug] [2026-06-28T20:58:41.066Z] E0628 15:58:41.065986   12452 watch.go:40] Failed to load config from "c:\\Users\\USER\\Desktop\\Proyectos\\bolitos\\backend\\dataconnect": could not find dataconnect.yaml in `c:\Users\USER\Desktop\Proyectos\bolitos\backend\dataconnect`
 {"metadata":{"emulator":{"name":"dataconnect"},"message":"E0628 15:58:41.065986   12452 watch.go:40] Failed to load config from \"c:\\\\Users\\\\USER\\\\Desktop\\\\Proyectos\\\\bolitos\\\\backend\\\\dataconnect\": could not find dataconnect.yaml in `c:\\Users\\USER\\Desktop\\Proyectos\\bolitos\\backend\\dataconnect`\n"}}
[debug] [2026-06-28T20:58:51.066Z] E0628 15:58:51.066209   12452 watch.go:40] Failed to load config from "c:\\Users\\USER\\Desktop\\Proyectos\\bolitos\\backend\\dataconnect": could not find dataconnect.yaml in `c:\Users\USER\Desktop\Proyectos\bolitos\backend\dataconnect`
 {"metadata":{"emulator":{"name":"dataconnect"},"message":"E0628 15:58:51.066209   12452 watch.go:40] Failed to load config from \"c:\\\\Users\\\\USER\\\\Desktop\\\\Proyectos\\\\bolitos\\\\backend\\\\dataconnect\": could not find dataconnect.yaml in `c:\\Users\\USER\\Desktop\\Proyectos\\bolitos\\backend\\dataconnect`\n"}}
[debug] [2026-06-28T20:59:01.066Z] E0628 15:59:01.066158   12452 watch.go:40] Failed to load config from "c:\\Users\\USER\\Desktop\\Proyectos\\bolitos\\backend\\dataconnect": could not find dataconnect.yaml in `c:\Users\USER\Desktop\Proyectos\bolitos\backend\dataconnect`
 {"metadata":{"emulator":{"name":"dataconnect"},"message":"E0628 15:59:01.066158   12452 watch.go:40] Failed to load config from \"c:\\\\Users\\\\USER\\\\Desktop\\\\Proyectos\\\\bolitos\\\\backend\\\\dataconnect\": could not find dataconnect.yaml in `c:\\Users\\USER\\Desktop\\Proyectos\\bolitos\\backend\\dataconnect`\n"}}
[debug] [2026-06-28T20:59:11.066Z] E0628 15:59:11.066086   12452 watch.go:40] Failed to load config from "c:\\Users\\USER\\Desktop\\Proyectos\\bolitos\\backend\\dataconnect": could not find dataconnect.yaml in `c:\Users\USER\Desktop\Proyectos\bolitos\backend\dataconnect`
 {"metadata":{"emulator":{"name":"dataconnect"},"message":"E0628 15:59:11.066086   12452 watch.go:40] Failed to load config from \"c:\\\\Users\\\\USER\\\\Desktop\\\\Proyectos\\\\bolitos\\\\backend\\\\dataconnect\": could not find dataconnect.yaml in `c:\\Users\\USER\\Desktop\\Proyectos\\bolitos\\backend\\dataconnect`\n"}}
[debug] [2026-06-28T20:59:21.066Z] E0628 15:59:21.065452   12452 watch.go:116] watchAllDir unable to walk dir `c:\Users\USER\Desktop\Proyectos\bolitos\backend\dataconnect`: GetFileAttributesEx c:\Users\USER\Desktop\Proyectos\bolitos\backend\dataconnect: The system cannot find the file specified.
 {"metadata":{"emulator":{"name":"dataconnect"},"message":"E0628 15:59:21.065452   12452 watch.go:116] watchAllDir unable to walk dir `c:\\Users\\USER\\Desktop\\Proyectos\\bolitos\\backend\\dataconnect`: GetFileAttributesEx c:\\Users\\USER\\Desktop\\Proyectos\\bolitos\\backend\\dataconnect: The system cannot find the file specified.\n"}}
[debug] [2026-06-28T20:59:21.073Z] E0628 15:59:21.066598   12452 watch.go:40] Failed to load config from "c:\\Users\\USER\\Desktop\\Proyectos\\bolitos\\backend\\dataconnect": could not find dataconnect.yaml in `c:\Users\USER\Desktop\Proyectos\bolitos\backend\dataconnect`
 {"metadata":{"emulator":{"name":"dataconnect"},"message":"E0628 15:59:21.066598   12452 watch.go:40] Failed to load config from \"c:\\\\Users\\\\USER\\\\Desktop\\\\Proyectos\\\\bolitos\\\\backend\\\\dataconnect\": could not find dataconnect.yaml in `c:\\Users\\USER\\Desktop\\Proyectos\\bolitos\\backend\\dataconnect`\n"}}
[debug] [2026-06-28T20:59:31.066Z] E0628 15:59:31.066187   12452 watch.go:40] Failed to load config from "c:\\Users\\USER\\Desktop\\Proyectos\\bolitos\\backend\\dataconnect": could not find dataconnect.yaml in `c:\Users\USER\Desktop\Proyectos\bolitos\backend\dataconnect`
 {"metadata":{"emulator":{"name":"dataconnect"},"message":"E0628 15:59:31.066187   12452 watch.go:40] Failed to load config from \"c:\\\\Users\\\\USER\\\\Desktop\\\\Proyectos\\\\bolitos\\\\backend\\\\dataconnect\": could not find dataconnect.yaml in `c:\\Users\\USER\\Desktop\\Proyectos\\bolitos\\backend\\dataconnect`\n"}}
[debug] [2026-06-28T20:59:41.066Z] E0628 15:59:41.066543   12452 watch.go:40] Failed to load config from "c:\\Users\\USER\\Desktop\\Proyectos\\bolitos\\backend\\dataconnect": could not find dataconnect.yaml in `c:\Users\USER\Desktop\Proyectos\bolitos\backend\dataconnect`
 {"metadata":{"emulator":{"name":"dataconnect"},"message":"E0628 15:59:41.066543   12452 watch.go:40] Failed to load config from \"c:\\\\Users\\\\USER\\\\Desktop\\\\Proyectos\\\\bolitos\\\\backend\\\\dataconnect\": could not find dataconnect.yaml in `c:\\Users\\USER\\Desktop\\Proyectos\\bolitos\\backend\\dataconnect`\n"}}
[debug] [2026-06-28T20:59:51.066Z] E0628 15:59:51.066365   12452 watch.go:40] Failed to load config from "c:\\Users\\USER\\Desktop\\Proyectos\\bolitos\\backend\\dataconnect": could not find dataconnect.yaml in `c:\Users\USER\Desktop\Proyectos\bolitos\backend\dataconnect`
 {"metadata":{"emulator":{"name":"dataconnect"},"message":"E0628 15:59:51.066365   12452 watch.go:40] Failed to load config from \"c:\\\\Users\\\\USER\\\\Desktop\\\\Proyectos\\\\bolitos\\\\backend\\\\dataconnect\": could not find dataconnect.yaml in `c:\\Users\\USER\\Desktop\\Proyectos\\bolitos\\backend\\dataconnect`\n"}}
[debug] [2026-06-28T21:00:01.067Z] E0628 16:00:01.066994   12452 watch.go:40] Failed to load config from "c:\\Users\\USER\\Desktop\\Proyectos\\bolitos\\backend\\dataconnect": could not find dataconnect.yaml in `c:\Users\USER\Desktop\Proyectos\bolitos\backend\dataconnect`
 {"metadata":{"emulator":{"name":"dataconnect"},"message":"E0628 16:00:01.066994   12452 watch.go:40] Failed to load config from \"c:\\\\Users\\\\USER\\\\Desktop\\\\Proyectos\\\\bolitos\\\\backend\\\\dataconnect\": could not find dataconnect.yaml in `c:\\Users\\USER\\Desktop\\Proyectos\\bolitos\\backend\\dataconnect`\n"}}
[debug] [2026-06-28T21:00:11.066Z] E0628 16:00:11.066167   12452 watch.go:40] Failed to load config from "c:\\Users\\USER\\Desktop\\Proyectos\\bolitos\\backend\\dataconnect": could not find dataconnect.yaml in `c:\Users\USER\Desktop\Proyectos\bolitos\backend\dataconnect`
 {"metadata":{"emulator":{"name":"dataconnect"},"message":"E0628 16:00:11.066167   12452 watch.go:40] Failed to load config from \"c:\\\\Users\\\\USER\\\\Desktop\\\\Proyectos\\\\bolitos\\\\backend\\\\dataconnect\": could not find dataconnect.yaml in `c:\\Users\\USER\\Desktop\\Proyectos\\bolitos\\backend\\dataconnect`\n"}}
[debug] [2026-06-28T21:00:21.065Z] E0628 16:00:21.065499   12452 watch.go:116] watchAllDir unable to walk dir `c:\Users\USER\Desktop\Proyectos\bolitos\backend\dataconnect`: GetFileAttributesEx c:\Users\USER\Desktop\Proyectos\bolitos\backend\dataconnect: The system cannot find the file specified.
 {"metadata":{"emulator":{"name":"dataconnect"},"message":"E0628 16:00:21.065499   12452 watch.go:116] watchAllDir unable to walk dir `c:\\Users\\USER\\Desktop\\Proyectos\\bolitos\\backend\\dataconnect`: GetFileAttributesEx c:\\Users\\USER\\Desktop\\Proyectos\\bolitos\\backend\\dataconnect: The system cannot find the file specified.\n"}}
[debug] [2026-06-28T21:00:21.069Z] E0628 16:00:21.066034   12452 watch.go:40] Failed to load config from "c:\\Users\\USER\\Desktop\\Proyectos\\bolitos\\backend\\dataconnect": could not find dataconnect.yaml in `c:\Users\USER\Desktop\Proyectos\bolitos\backend\dataconnect`
 {"metadata":{"emulator":{"name":"dataconnect"},"message":"E0628 16:00:21.066034   12452 watch.go:40] Failed to load config from \"c:\\\\Users\\\\USER\\\\Desktop\\\\Proyectos\\\\bolitos\\\\backend\\\\dataconnect\": could not find dataconnect.yaml in `c:\\Users\\USER\\Desktop\\Proyectos\\bolitos\\backend\\dataconnect`\n"}}
[debug] [2026-06-28T21:00:31.067Z] E0628 16:00:31.067078   12452 watch.go:40] Failed to load config from "c:\\Users\\USER\\Desktop\\Proyectos\\bolitos\\backend\\dataconnect": could not find dataconnect.yaml in `c:\Users\USER\Desktop\Proyectos\bolitos\backend\dataconnect`
 {"metadata":{"emulator":{"name":"dataconnect"},"message":"E0628 16:00:31.067078   12452 watch.go:40] Failed to load config from \"c:\\\\Users\\\\USER\\\\Desktop\\\\Proyectos\\\\bolitos\\\\backend\\\\dataconnect\": could not find dataconnect.yaml in `c:\\Users\\USER\\Desktop\\Proyectos\\bolitos\\backend\\dataconnect`\n"}}
[debug] [2026-06-28T21:00:41.066Z] E0628 16:00:41.066038   12452 watch.go:40] Failed to load config from "c:\\Users\\USER\\Desktop\\Proyectos\\bolitos\\backend\\dataconnect": could not find dataconnect.yaml in `c:\Users\USER\Desktop\Proyectos\bolitos\backend\dataconnect`
 {"metadata":{"emulator":{"name":"dataconnect"},"message":"E0628 16:00:41.066038   12452 watch.go:40] Failed to load config from \"c:\\\\Users\\\\USER\\\\Desktop\\\\Proyectos\\\\bolitos\\\\backend\\\\dataconnect\": could not find dataconnect.yaml in `c:\\Users\\USER\\Desktop\\Proyectos\\bolitos\\backend\\dataconnect`\n"}}
[debug] [2026-06-28T21:00:51.066Z] E0628 16:00:51.066186   12452 watch.go:40] Failed to load config from "c:\\Users\\USER\\Desktop\\Proyectos\\bolitos\\backend\\dataconnect": could not find dataconnect.yaml in `c:\Users\USER\Desktop\Proyectos\bolitos\backend\dataconnect`
 {"metadata":{"emulator":{"name":"dataconnect"},"message":"E0628 16:00:51.066186   12452 watch.go:40] Failed to load config from \"c:\\\\Users\\\\USER\\\\Desktop\\\\Proyectos\\\\bolitos\\\\backend\\\\dataconnect\": could not find dataconnect.yaml in `c:\\Users\\USER\\Desktop\\Proyectos\\bolitos\\backend\\dataconnect`\n"}}
[debug] [2026-06-28T21:01:01.066Z] E0628 16:01:01.065669   12452 watch.go:40] Failed to load config from "c:\\Users\\USER\\Desktop\\Proyectos\\bolitos\\backend\\dataconnect": could not find dataconnect.yaml in `c:\Users\USER\Desktop\Proyectos\bolitos\backend\dataconnect`
 {"metadata":{"emulator":{"name":"dataconnect"},"message":"E0628 16:01:01.065669   12452 watch.go:40] Failed to load config from \"c:\\\\Users\\\\USER\\\\Desktop\\\\Proyectos\\\\bolitos\\\\backend\\\\dataconnect\": could not find dataconnect.yaml in `c:\\Users\\USER\\Desktop\\Proyectos\\bolitos\\backend\\dataconnect`\n"}}
[debug] [2026-06-28T21:01:11.066Z] E0628 16:01:11.065876   12452 watch.go:40] Failed to load config from "c:\\Users\\USER\\Desktop\\Proyectos\\bolitos\\backend\\dataconnect": could not find dataconnect.yaml in `c:\Users\USER\Desktop\Proyectos\bolitos\backend\dataconnect`
 {"metadata":{"emulator":{"name":"dataconnect"},"message":"E0628 16:01:11.065876   12452 watch.go:40] Failed to load config from \"c:\\\\Users\\\\USER\\\\Desktop\\\\Proyectos\\\\bolitos\\\\backend\\\\dataconnect\": could not find dataconnect.yaml in `c:\\Users\\USER\\Desktop\\Proyectos\\bolitos\\backend\\dataconnect`\n"}}
[debug] [2026-06-28T21:01:21.066Z] E0628 16:01:21.065821   12452 watch.go:116] watchAllDir unable to walk dir `c:\Users\USER\Desktop\Proyectos\bolitos\backend\dataconnect`: GetFileAttributesEx c:\Users\USER\Desktop\Proyectos\bolitos\backend\dataconnect: The system cannot find the file specified.
 {"metadata":{"emulator":{"name":"dataconnect"},"message":"E0628 16:01:21.065821   12452 watch.go:116] watchAllDir unable to walk dir `c:\\Users\\USER\\Desktop\\Proyectos\\bolitos\\backend\\dataconnect`: GetFileAttributesEx c:\\Users\\USER\\Desktop\\Proyectos\\bolitos\\backend\\dataconnect: The system cannot find the file specified.\n"}}
[debug] [2026-06-28T21:01:21.069Z] E0628 16:01:21.066344   12452 watch.go:40] Failed to load config from "c:\\Users\\USER\\Desktop\\Proyectos\\bolitos\\backend\\dataconnect": could not find dataconnect.yaml in `c:\Users\USER\Desktop\Proyectos\bolitos\backend\dataconnect`
 {"metadata":{"emulator":{"name":"dataconnect"},"message":"E0628 16:01:21.066344   12452 watch.go:40] Failed to load config from \"c:\\\\Users\\\\USER\\\\Desktop\\\\Proyectos\\\\bolitos\\\\backend\\\\dataconnect\": could not find dataconnect.yaml in `c:\\Users\\USER\\Desktop\\Proyectos\\bolitos\\backend\\dataconnect`\n"}}
[debug] [2026-06-28T21:01:31.067Z] E0628 16:01:31.066231   12452 watch.go:40] Failed to load config from "c:\\Users\\USER\\Desktop\\Proyectos\\bolitos\\backend\\dataconnect": could not find dataconnect.yaml in `c:\Users\USER\Desktop\Proyectos\bolitos\backend\dataconnect`
 {"metadata":{"emulator":{"name":"dataconnect"},"message":"E0628 16:01:31.066231   12452 watch.go:40] Failed to load config from \"c:\\\\Users\\\\USER\\\\Desktop\\\\Proyectos\\\\bolitos\\\\backend\\\\dataconnect\": could not find dataconnect.yaml in `c:\\Users\\USER\\Desktop\\Proyectos\\bolitos\\backend\\dataconnect`\n"}}
[debug] [2026-06-28T21:01:41.067Z] E0628 16:01:41.066058   12452 watch.go:40] Failed to load config from "c:\\Users\\USER\\Desktop\\Proyectos\\bolitos\\backend\\dataconnect": could not find dataconnect.yaml in `c:\Users\USER\Desktop\Proyectos\bolitos\backend\dataconnect`
 {"metadata":{"emulator":{"name":"dataconnect"},"message":"E0628 16:01:41.066058   12452 watch.go:40] Failed to load config from \"c:\\\\Users\\\\USER\\\\Desktop\\\\Proyectos\\\\bolitos\\\\backend\\\\dataconnect\": could not find dataconnect.yaml in `c:\\Users\\USER\\Desktop\\Proyectos\\bolitos\\backend\\dataconnect`\n"}}
[debug] [2026-06-28T21:01:51.067Z] E0628 16:01:51.066196   12452 watch.go:40] Failed to load config from "c:\\Users\\USER\\Desktop\\Proyectos\\bolitos\\backend\\dataconnect": could not find dataconnect.yaml in `c:\Users\USER\Desktop\Proyectos\bolitos\backend\dataconnect`
 {"metadata":{"emulator":{"name":"dataconnect"},"message":"E0628 16:01:51.066196   12452 watch.go:40] Failed to load config from \"c:\\\\Users\\\\USER\\\\Desktop\\\\Proyectos\\\\bolitos\\\\backend\\\\dataconnect\": could not find dataconnect.yaml in `c:\\Users\\USER\\Desktop\\Proyectos\\bolitos\\backend\\dataconnect`\n"}}
[debug] [2026-06-28T21:02:01.066Z] E0628 16:02:01.066216   12452 watch.go:40] Failed to load config from "c:\\Users\\USER\\Desktop\\Proyectos\\bolitos\\backend\\dataconnect": could not find dataconnect.yaml in `c:\Users\USER\Desktop\Proyectos\bolitos\backend\dataconnect`
 {"metadata":{"emulator":{"name":"dataconnect"},"message":"E0628 16:02:01.066216   12452 watch.go:40] Failed to load config from \"c:\\\\Users\\\\USER\\\\Desktop\\\\Proyectos\\\\bolitos\\\\backend\\\\dataconnect\": could not find dataconnect.yaml in `c:\\Users\\USER\\Desktop\\Proyectos\\bolitos\\backend\\dataconnect`\n"}}
[debug] [2026-06-28T21:02:11.067Z] E0628 16:02:11.066256   12452 watch.go:40] Failed to load config from "c:\\Users\\USER\\Desktop\\Proyectos\\bolitos\\backend\\dataconnect": could not find dataconnect.yaml in `c:\Users\USER\Desktop\Proyectos\bolitos\backend\dataconnect`
 {"metadata":{"emulator":{"name":"dataconnect"},"message":"E0628 16:02:11.066256   12452 watch.go:40] Failed to load config from \"c:\\\\Users\\\\USER\\\\Desktop\\\\Proyectos\\\\bolitos\\\\backend\\\\dataconnect\": could not find dataconnect.yaml in `c:\\Users\\USER\\Desktop\\Proyectos\\bolitos\\backend\\dataconnect`\n"}}
[debug] [2026-06-28T21:02:21.066Z] E0628 16:02:21.065647   12452 watch.go:116] watchAllDir unable to walk dir `c:\Users\USER\Desktop\Proyectos\bolitos\backend\dataconnect`: GetFileAttributesEx c:\Users\USER\Desktop\Proyectos\bolitos\backend\dataconnect: The system cannot find the file specified.
 {"metadata":{"emulator":{"name":"dataconnect"},"message":"E0628 16:02:21.065647   12452 watch.go:116] watchAllDir unable to walk dir `c:\\Users\\USER\\Desktop\\Proyectos\\bolitos\\backend\\dataconnect`: GetFileAttributesEx c:\\Users\\USER\\Desktop\\Proyectos\\bolitos\\backend\\dataconnect: The system cannot find the file specified.\n"}}
[debug] [2026-06-28T21:02:21.071Z] E0628 16:02:21.066448   12452 watch.go:40] Failed to load config from "c:\\Users\\USER\\Desktop\\Proyectos\\bolitos\\backend\\dataconnect": could not find dataconnect.yaml in `c:\Users\USER\Desktop\Proyectos\bolitos\backend\dataconnect`
 {"metadata":{"emulator":{"name":"dataconnect"},"message":"E0628 16:02:21.066448   12452 watch.go:40] Failed to load config from \"c:\\\\Users\\\\USER\\\\Desktop\\\\Proyectos\\\\bolitos\\\\backend\\\\dataconnect\": could not find dataconnect.yaml in `c:\\Users\\USER\\Desktop\\Proyectos\\bolitos\\backend\\dataconnect`\n"}}
[debug] [2026-06-28T21:02:31.066Z] E0628 16:02:31.066558   12452 watch.go:40] Failed to load config from "c:\\Users\\USER\\Desktop\\Proyectos\\bolitos\\backend\\dataconnect": could not find dataconnect.yaml in `c:\Users\USER\Desktop\Proyectos\bolitos\backend\dataconnect`
 {"metadata":{"emulator":{"name":"dataconnect"},"message":"E0628 16:02:31.066558   12452 watch.go:40] Failed to load config from \"c:\\\\Users\\\\USER\\\\Desktop\\\\Proyectos\\\\bolitos\\\\backend\\\\dataconnect\": could not find dataconnect.yaml in `c:\\Users\\USER\\Desktop\\Proyectos\\bolitos\\backend\\dataconnect`\n"}}
[debug] [2026-06-28T21:02:41.067Z] E0628 16:02:41.067111   12452 watch.go:40] Failed to load config from "c:\\Users\\USER\\Desktop\\Proyectos\\bolitos\\backend\\dataconnect": could not find dataconnect.yaml in `c:\Users\USER\Desktop\Proyectos\bolitos\backend\dataconnect`
 {"metadata":{"emulator":{"name":"dataconnect"},"message":"E0628 16:02:41.067111   12452 watch.go:40] Failed to load config from \"c:\\\\Users\\\\USER\\\\Desktop\\\\Proyectos\\\\bolitos\\\\backend\\\\dataconnect\": could not find dataconnect.yaml in `c:\\Users\\USER\\Desktop\\Proyectos\\bolitos\\backend\\dataconnect`\n"}}
[debug] [2026-06-28T21:02:51.066Z] E0628 16:02:51.066514   12452 watch.go:40] Failed to load config from "c:\\Users\\USER\\Desktop\\Proyectos\\bolitos\\backend\\dataconnect": could not find dataconnect.yaml in `c:\Users\USER\Desktop\Proyectos\bolitos\backend\dataconnect`
 {"metadata":{"emulator":{"name":"dataconnect"},"message":"E0628 16:02:51.066514   12452 watch.go:40] Failed to load config from \"c:\\\\Users\\\\USER\\\\Desktop\\\\Proyectos\\\\bolitos\\\\backend\\\\dataconnect\": could not find dataconnect.yaml in `c:\\Users\\USER\\Desktop\\Proyectos\\bolitos\\backend\\dataconnect`\n"}}
[debug] [2026-06-28T21:03:01.065Z] E0628 16:03:01.066239   12452 watch.go:40] Failed to load config from "c:\\Users\\USER\\Desktop\\Proyectos\\bolitos\\backend\\dataconnect": could not find dataconnect.yaml in `c:\Users\USER\Desktop\Proyectos\bolitos\backend\dataconnect`
 {"metadata":{"emulator":{"name":"dataconnect"},"message":"E0628 16:03:01.066239   12452 watch.go:40] Failed to load config from \"c:\\\\Users\\\\USER\\\\Desktop\\\\Proyectos\\\\bolitos\\\\backend\\\\dataconnect\": could not find dataconnect.yaml in `c:\\Users\\USER\\Desktop\\Proyectos\\bolitos\\backend\\dataconnect`\n"}}
[debug] [2026-06-28T21:03:11.066Z] E0628 16:03:11.066797   12452 watch.go:40] Failed to load config from "c:\\Users\\USER\\Desktop\\Proyectos\\bolitos\\backend\\dataconnect": could not find dataconnect.yaml in `c:\Users\USER\Desktop\Proyectos\bolitos\backend\dataconnect`
 {"metadata":{"emulator":{"name":"dataconnect"},"message":"E0628 16:03:11.066797   12452 watch.go:40] Failed to load config from \"c:\\\\Users\\\\USER\\\\Desktop\\\\Proyectos\\\\bolitos\\\\backend\\\\dataconnect\": could not find dataconnect.yaml in `c:\\Users\\USER\\Desktop\\Proyectos\\bolitos\\backend\\dataconnect`\n"}}
[debug] [2026-06-28T21:03:21.066Z] E0628 16:03:21.065764   12452 watch.go:116] watchAllDir unable to walk dir `c:\Users\USER\Desktop\Proyectos\bolitos\backend\dataconnect`: GetFileAttributesEx c:\Users\USER\Desktop\Proyectos\bolitos\backend\dataconnect: The system cannot find the file specified.
 {"metadata":{"emulator":{"name":"dataconnect"},"message":"E0628 16:03:21.065764   12452 watch.go:116] watchAllDir unable to walk dir `c:\\Users\\USER\\Desktop\\Proyectos\\bolitos\\backend\\dataconnect`: GetFileAttributesEx c:\\Users\\USER\\Desktop\\Proyectos\\bolitos\\backend\\dataconnect: The system cannot find the file specified.\n"}}
[debug] [2026-06-28T21:03:21.078Z] E0628 16:03:21.066895   12452 watch.go:40] Failed to load config from "c:\\Users\\USER\\Desktop\\Proyectos\\bolitos\\backend\\dataconnect": could not find dataconnect.yaml in `c:\Users\USER\Desktop\Proyectos\bolitos\backend\dataconnect`
 {"metadata":{"emulator":{"name":"dataconnect"},"message":"E0628 16:03:21.066895   12452 watch.go:40] Failed to load config from \"c:\\\\Users\\\\USER\\\\Desktop\\\\Proyectos\\\\bolitos\\\\backend\\\\dataconnect\": could not find dataconnect.yaml in `c:\\Users\\USER\\Desktop\\Proyectos\\bolitos\\backend\\dataconnect`\n"}}
[debug] [2026-06-28T21:03:31.066Z] E0628 16:03:31.065879   12452 watch.go:40] Failed to load config from "c:\\Users\\USER\\Desktop\\Proyectos\\bolitos\\backend\\dataconnect": could not find dataconnect.yaml in `c:\Users\USER\Desktop\Proyectos\bolitos\backend\dataconnect`
 {"metadata":{"emulator":{"name":"dataconnect"},"message":"E0628 16:03:31.065879   12452 watch.go:40] Failed to load config from \"c:\\\\Users\\\\USER\\\\Desktop\\\\Proyectos\\\\bolitos\\\\backend\\\\dataconnect\": could not find dataconnect.yaml in `c:\\Users\\USER\\Desktop\\Proyectos\\bolitos\\backend\\dataconnect`\n"}}
[debug] [2026-06-28T21:03:41.066Z] E0628 16:03:41.066206   12452 watch.go:40] Failed to load config from "c:\\Users\\USER\\Desktop\\Proyectos\\bolitos\\backend\\dataconnect": could not find dataconnect.yaml in `c:\Users\USER\Desktop\Proyectos\bolitos\backend\dataconnect`
 {"metadata":{"emulator":{"name":"dataconnect"},"message":"E0628 16:03:41.066206   12452 watch.go:40] Failed to load config from \"c:\\\\Users\\\\USER\\\\Desktop\\\\Proyectos\\\\bolitos\\\\backend\\\\dataconnect\": could not find dataconnect.yaml in `c:\\Users\\USER\\Desktop\\Proyectos\\bolitos\\backend\\dataconnect`\n"}}
[debug] [2026-06-28T21:03:51.066Z] E0628 16:03:51.066307   12452 watch.go:40] Failed to load config from "c:\\Users\\USER\\Desktop\\Proyectos\\bolitos\\backend\\dataconnect": could not find dataconnect.yaml in `c:\Users\USER\Desktop\Proyectos\bolitos\backend\dataconnect`
 {"metadata":{"emulator":{"name":"dataconnect"},"message":"E0628 16:03:51.066307   12452 watch.go:40] Failed to load config from \"c:\\\\Users\\\\USER\\\\Desktop\\\\Proyectos\\\\bolitos\\\\backend\\\\dataconnect\": could not find dataconnect.yaml in `c:\\Users\\USER\\Desktop\\Proyectos\\bolitos\\backend\\dataconnect`\n"}}
[debug] [2026-06-28T21:04:01.066Z] E0628 16:04:01.066292   12452 watch.go:40] Failed to load config from "c:\\Users\\USER\\Desktop\\Proyectos\\bolitos\\backend\\dataconnect": could not find dataconnect.yaml in `c:\Users\USER\Desktop\Proyectos\bolitos\backend\dataconnect`
 {"metadata":{"emulator":{"name":"dataconnect"},"message":"E0628 16:04:01.066292   12452 watch.go:40] Failed to load config from \"c:\\\\Users\\\\USER\\\\Desktop\\\\Proyectos\\\\bolitos\\\\backend\\\\dataconnect\": could not find dataconnect.yaml in `c:\\Users\\USER\\Desktop\\Proyectos\\bolitos\\backend\\dataconnect`\n"}}
[debug] [2026-06-28T21:04:11.066Z] E0628 16:04:11.065966   12452 watch.go:40] Failed to load config from "c:\\Users\\USER\\Desktop\\Proyectos\\bolitos\\backend\\dataconnect": could not find dataconnect.yaml in `c:\Users\USER\Desktop\Proyectos\bolitos\backend\dataconnect`
 {"metadata":{"emulator":{"name":"dataconnect"},"message":"E0628 16:04:11.065966   12452 watch.go:40] Failed to load config from \"c:\\\\Users\\\\USER\\\\Desktop\\\\Proyectos\\\\bolitos\\\\backend\\\\dataconnect\": could not find dataconnect.yaml in `c:\\Users\\USER\\Desktop\\Proyectos\\bolitos\\backend\\dataconnect`\n"}}
[debug] [2026-06-28T21:04:21.065Z] E0628 16:04:21.065616   12452 watch.go:116] watchAllDir unable to walk dir `c:\Users\USER\Desktop\Proyectos\bolitos\backend\dataconnect`: GetFileAttributesEx c:\Users\USER\Desktop\Proyectos\bolitos\backend\dataconnect: The system cannot find the file specified.
 {"metadata":{"emulator":{"name":"dataconnect"},"message":"E0628 16:04:21.065616   12452 watch.go:116] watchAllDir unable to walk dir `c:\\Users\\USER\\Desktop\\Proyectos\\bolitos\\backend\\dataconnect`: GetFileAttributesEx c:\\Users\\USER\\Desktop\\Proyectos\\bolitos\\backend\\dataconnect: The system cannot find the file specified.\n"}}
[debug] [2026-06-28T21:04:21.073Z] E0628 16:04:21.066134   12452 watch.go:40] Failed to load config from "c:\\Users\\USER\\Desktop\\Proyectos\\bolitos\\backend\\dataconnect": could not find dataconnect.yaml in `c:\Users\USER\Desktop\Proyectos\bolitos\backend\dataconnect`
 {"metadata":{"emulator":{"name":"dataconnect"},"message":"E0628 16:04:21.066134   12452 watch.go:40] Failed to load config from \"c:\\\\Users\\\\USER\\\\Desktop\\\\Proyectos\\\\bolitos\\\\backend\\\\dataconnect\": could not find dataconnect.yaml in `c:\\Users\\USER\\Desktop\\Proyectos\\bolitos\\backend\\dataconnect`\n"}}
[debug] [2026-06-28T21:04:31.066Z] E0628 16:04:31.065991   12452 watch.go:40] Failed to load config from "c:\\Users\\USER\\Desktop\\Proyectos\\bolitos\\backend\\dataconnect": could not find dataconnect.yaml in `c:\Users\USER\Desktop\Proyectos\bolitos\backend\dataconnect`
 {"metadata":{"emulator":{"name":"dataconnect"},"message":"E0628 16:04:31.065991   12452 watch.go:40] Failed to load config from \"c:\\\\Users\\\\USER\\\\Desktop\\\\Proyectos\\\\bolitos\\\\backend\\\\dataconnect\": could not find dataconnect.yaml in `c:\\Users\\USER\\Desktop\\Proyectos\\bolitos\\backend\\dataconnect`\n"}}
[debug] [2026-06-28T21:04:41.066Z] E0628 16:04:41.066393   12452 watch.go:40] Failed to load config from "c:\\Users\\USER\\Desktop\\Proyectos\\bolitos\\backend\\dataconnect": could not find dataconnect.yaml in `c:\Users\USER\Desktop\Proyectos\bolitos\backend\dataconnect`
 {"metadata":{"emulator":{"name":"dataconnect"},"message":"E0628 16:04:41.066393   12452 watch.go:40] Failed to load config from \"c:\\\\Users\\\\USER\\\\Desktop\\\\Proyectos\\\\bolitos\\\\backend\\\\dataconnect\": could not find dataconnect.yaml in `c:\\Users\\USER\\Desktop\\Proyectos\\bolitos\\backend\\dataconnect`\n"}}
[debug] [2026-06-28T21:04:51.066Z] E0628 16:04:51.065939   12452 watch.go:40] Failed to load config from "c:\\Users\\USER\\Desktop\\Proyectos\\bolitos\\backend\\dataconnect": could not find dataconnect.yaml in `c:\Users\USER\Desktop\Proyectos\bolitos\backend\dataconnect`
 {"metadata":{"emulator":{"name":"dataconnect"},"message":"E0628 16:04:51.065939   12452 watch.go:40] Failed to load config from \"c:\\\\Users\\\\USER\\\\Desktop\\\\Proyectos\\\\bolitos\\\\backend\\\\dataconnect\": could not find dataconnect.yaml in `c:\\Users\\USER\\Desktop\\Proyectos\\bolitos\\backend\\dataconnect`\n"}}
[debug] [2026-06-28T21:05:01.066Z] E0628 16:05:01.066331   12452 watch.go:40] Failed to load config from "c:\\Users\\USER\\Desktop\\Proyectos\\bolitos\\backend\\dataconnect": could not find dataconnect.yaml in `c:\Users\USER\Desktop\Proyectos\bolitos\backend\dataconnect`
 {"metadata":{"emulator":{"name":"dataconnect"},"message":"E0628 16:05:01.066331   12452 watch.go:40] Failed to load config from \"c:\\\\Users\\\\USER\\\\Desktop\\\\Proyectos\\\\bolitos\\\\backend\\\\dataconnect\": could not find dataconnect.yaml in `c:\\Users\\USER\\Desktop\\Proyectos\\bolitos\\backend\\dataconnect`\n"}}
[debug] [2026-06-28T21:05:11.067Z] E0628 16:05:11.066671   12452 watch.go:40] Failed to load config from "c:\\Users\\USER\\Desktop\\Proyectos\\bolitos\\backend\\dataconnect": could not find dataconnect.yaml in `c:\Users\USER\Desktop\Proyectos\bolitos\backend\dataconnect`
 {"metadata":{"emulator":{"name":"dataconnect"},"message":"E0628 16:05:11.066671   12452 watch.go:40] Failed to load config from \"c:\\\\Users\\\\USER\\\\Desktop\\\\Proyectos\\\\bolitos\\\\backend\\\\dataconnect\": could not find dataconnect.yaml in `c:\\Users\\USER\\Desktop\\Proyectos\\bolitos\\backend\\dataconnect`\n"}}
[debug] [2026-06-28T21:05:21.066Z] E0628 16:05:21.065639   12452 watch.go:116] watchAllDir unable to walk dir `c:\Users\USER\Desktop\Proyectos\bolitos\backend\dataconnect`: GetFileAttributesEx c:\Users\USER\Desktop\Proyectos\bolitos\backend\dataconnect: The system cannot find the file specified.
 {"metadata":{"emulator":{"name":"dataconnect"},"message":"E0628 16:05:21.065639   12452 watch.go:116] watchAllDir unable to walk dir `c:\\Users\\USER\\Desktop\\Proyectos\\bolitos\\backend\\dataconnect`: GetFileAttributesEx c:\\Users\\USER\\Desktop\\Proyectos\\bolitos\\backend\\dataconnect: The system cannot find the file specified.\n"}}
[debug] [2026-06-28T21:05:21.070Z] E0628 16:05:21.066158   12452 watch.go:40] Failed to load config from "c:\\Users\\USER\\Desktop\\Proyectos\\bolitos\\backend\\dataconnect": could not find dataconnect.yaml in `c:\Users\USER\Desktop\Proyectos\bolitos\backend\dataconnect`
 {"metadata":{"emulator":{"name":"dataconnect"},"message":"E0628 16:05:21.066158   12452 watch.go:40] Failed to load config from \"c:\\\\Users\\\\USER\\\\Desktop\\\\Proyectos\\\\bolitos\\\\backend\\\\dataconnect\": could not find dataconnect.yaml in `c:\\Users\\USER\\Desktop\\Proyectos\\bolitos\\backend\\dataconnect`\n"}}
[debug] [2026-06-28T21:05:31.066Z] E0628 16:05:31.066450   12452 watch.go:40] Failed to load config from "c:\\Users\\USER\\Desktop\\Proyectos\\bolitos\\backend\\dataconnect": could not find dataconnect.yaml in `c:\Users\USER\Desktop\Proyectos\bolitos\backend\dataconnect`
 {"metadata":{"emulator":{"name":"dataconnect"},"message":"E0628 16:05:31.066450   12452 watch.go:40] Failed to load config from \"c:\\\\Users\\\\USER\\\\Desktop\\\\Proyectos\\\\bolitos\\\\backend\\\\dataconnect\": could not find dataconnect.yaml in `c:\\Users\\USER\\Desktop\\Proyectos\\bolitos\\backend\\dataconnect`\n"}}
[debug] [2026-06-28T21:05:41.066Z] E0628 16:05:41.066091   12452 watch.go:40] Failed to load config from "c:\\Users\\USER\\Desktop\\Proyectos\\bolitos\\backend\\dataconnect": could not find dataconnect.yaml in `c:\Users\USER\Desktop\Proyectos\bolitos\backend\dataconnect`
 {"metadata":{"emulator":{"name":"dataconnect"},"message":"E0628 16:05:41.066091   12452 watch.go:40] Failed to load config from \"c:\\\\Users\\\\USER\\\\Desktop\\\\Proyectos\\\\bolitos\\\\backend\\\\dataconnect\": could not find dataconnect.yaml in `c:\\Users\\USER\\Desktop\\Proyectos\\bolitos\\backend\\dataconnect`\n"}}
